#! /c/iverilog/bin/vvp
:ivl_version "0.9.7 " "(v0_9_7)";
:vpi_time_precision + 0;
:vpi_module "system";
:vpi_module "v2005_math";
:vpi_module "va_math";
S_008F7E90 .scope module, "mixcolumns" "mixcolumns" 2 1;
 .timescale 0 0;
L_008FB168 .functor XOR 4, L_008FA718, L_008FAE50, C4<0000>, C4<0000>;
L_008FB0C0 .functor XOR 4, L_008FACF0, L_008FA878, C4<0000>, C4<0000>;
L_008FB280 .functor XOR 4, L_008FABE8, L_01139270, C4<0000>, C4<0000>;
L_008FB248 .functor XOR 4, L_01139060, L_01139690, C4<0000>, C4<0000>;
v008F16E8_0 .net *"_s13", 3 0, L_008FACF0; 1 drivers
v008F1740_0 .net *"_s15", 3 0, L_008FA770; 1 drivers
v008FA538_0 .net *"_s17", 3 0, L_008FA878; 1 drivers
v008FA590_0 .net *"_s18", 3 0, L_008FB0C0; 1 drivers
v008FA5E8_0 .net *"_s23", 3 0, L_008FABE8; 1 drivers
v008FA640_0 .net *"_s25", 3 0, L_008FAC40; 1 drivers
v008FA698_0 .net *"_s27", 3 0, L_01139270; 1 drivers
v008FAC98_0 .net *"_s28", 3 0, L_008FB280; 1 drivers
v008FA980_0 .net *"_s3", 3 0, L_008FA718; 1 drivers
v008FA9D8_0 .net *"_s33", 3 0, L_01139060; 1 drivers
v008FA928_0 .net *"_s35", 3 0, L_01138EA8; 1 drivers
v008FA7C8_0 .net *"_s37", 3 0, L_01139690; 1 drivers
v008FAA30_0 .net *"_s38", 3 0, L_008FB248; 1 drivers
v008FADA0_0 .net *"_s5", 3 0, L_008FAD48; 1 drivers
v008FAAE0_0 .net *"_s7", 3 0, L_008FAE50; 1 drivers
v008FA820_0 .net *"_s8", 3 0, L_008FB168; 1 drivers
v008FA8D0_0 .net "in", 15 0, C4<zzzzzzzzzzzzzzzz>; 0 drivers
RS_011141A4 .resolv tri, L_008FADF8, L_008FAA88, L_008FAB90, L_011392C8;
v008FAB38_0 .net8 "out", 15 0, RS_011141A4; 4 drivers
L_008FADF8 .part/pv L_008FB168, 0, 4, 16;
L_008FA718 .part C4<zzzzzzzzzzzzzzzz>, 0, 4;
L_008FAD48 .part C4<zzzzzzzzzzzzzzzz>, 8, 4;
L_008FAE50 .ufunc TD_mixcolumns.mul4, 4, L_008FAD48 (v008F1690_0) v008F1638_0 S_008F8248;
L_008FAA88 .part/pv L_008FB0C0, 4, 4, 16;
L_008FACF0 .part C4<zzzzzzzzzzzzzzzz>, 4, 4;
L_008FA770 .part C4<zzzzzzzzzzzzzzzz>, 12, 4;
L_008FA878 .ufunc TD_mixcolumns.mul4, 4, L_008FA770 (v008F1690_0) v008F1638_0 S_008F8248;
L_008FAB90 .part/pv L_008FB280, 8, 4, 16;
L_008FABE8 .part C4<zzzzzzzzzzzzzzzz>, 8, 4;
L_008FAC40 .part C4<zzzzzzzzzzzzzzzz>, 0, 4;
L_01139270 .ufunc TD_mixcolumns.mul4, 4, L_008FAC40 (v008F1690_0) v008F1638_0 S_008F8248;
L_011392C8 .part/pv L_008FB248, 12, 4, 16;
L_01139060 .part C4<zzzzzzzzzzzzzzzz>, 12, 4;
L_01138EA8 .part C4<zzzzzzzzzzzzzzzz>, 4, 4;
L_01139690 .ufunc TD_mixcolumns.mul4, 4, L_01138EA8 (v008F1690_0) v008F1638_0 S_008F8248;
S_008F8248 .scope function, "mul4" "mul4" 2 6, 2 6, S_008F7E90;
 .timescale 0 0;
v008F1638_0 .var "mul4", 3 0;
v008F1690_0 .var "sel", 3 0;
TD_mixcolumns.mul4 ;
    %load/v 8, v008F1690_0, 4;
    %cmpi/u 8, 0, 4;
    %jmp/1 T_0.0, 6;
    %cmpi/u 8, 1, 4;
    %jmp/1 T_0.1, 6;
    %cmpi/u 8, 2, 4;
    %jmp/1 T_0.2, 6;
    %cmpi/u 8, 3, 4;
    %jmp/1 T_0.3, 6;
    %cmpi/u 8, 4, 4;
    %jmp/1 T_0.4, 6;
    %cmpi/u 8, 5, 4;
    %jmp/1 T_0.5, 6;
    %cmpi/u 8, 6, 4;
    %jmp/1 T_0.6, 6;
    %cmpi/u 8, 7, 4;
    %jmp/1 T_0.7, 6;
    %cmpi/u 8, 8, 4;
    %jmp/1 T_0.8, 6;
    %cmpi/u 8, 9, 4;
    %jmp/1 T_0.9, 6;
    %cmpi/u 8, 10, 4;
    %jmp/1 T_0.10, 6;
    %cmpi/u 8, 11, 4;
    %jmp/1 T_0.11, 6;
    %cmpi/u 8, 12, 4;
    %jmp/1 T_0.12, 6;
    %cmpi/u 8, 13, 4;
    %jmp/1 T_0.13, 6;
    %cmpi/u 8, 14, 4;
    %jmp/1 T_0.14, 6;
    %cmpi/u 8, 15, 4;
    %jmp/1 T_0.15, 6;
    %set/v v008F1638_0, 0, 4;
    %jmp T_0.17;
T_0.0 ;
    %set/v v008F1638_0, 0, 4;
    %jmp T_0.17;
T_0.1 ;
    %movi 8, 4, 4;
    %set/v v008F1638_0, 8, 4;
    %jmp T_0.17;
T_0.2 ;
    %movi 8, 8, 4;
    %set/v v008F1638_0, 8, 4;
    %jmp T_0.17;
T_0.3 ;
    %movi 8, 12, 4;
    %set/v v008F1638_0, 8, 4;
    %jmp T_0.17;
T_0.4 ;
    %movi 8, 3, 4;
    %set/v v008F1638_0, 8, 4;
    %jmp T_0.17;
T_0.5 ;
    %movi 8, 7, 4;
    %set/v v008F1638_0, 8, 4;
    %jmp T_0.17;
T_0.6 ;
    %movi 8, 11, 4;
    %set/v v008F1638_0, 8, 4;
    %jmp T_0.17;
T_0.7 ;
    %set/v v008F1638_0, 1, 4;
    %jmp T_0.17;
T_0.8 ;
    %movi 8, 6, 4;
    %set/v v008F1638_0, 8, 4;
    %jmp T_0.17;
T_0.9 ;
    %movi 8, 2, 4;
    %set/v v008F1638_0, 8, 4;
    %jmp T_0.17;
T_0.10 ;
    %movi 8, 14, 4;
    %set/v v008F1638_0, 8, 4;
    %jmp T_0.17;
T_0.11 ;
    %movi 8, 10, 4;
    %set/v v008F1638_0, 8, 4;
    %jmp T_0.17;
T_0.12 ;
    %movi 8, 5, 4;
    %set/v v008F1638_0, 8, 4;
    %jmp T_0.17;
T_0.13 ;
    %movi 8, 1, 4;
    %set/v v008F1638_0, 8, 4;
    %jmp T_0.17;
T_0.14 ;
    %movi 8, 9, 4;
    %set/v v008F1638_0, 8, 4;
    %jmp T_0.17;
T_0.15 ;
    %movi 8, 13, 4;
    %set/v v008F1638_0, 8, 4;
    %jmp T_0.17;
T_0.17 ;
    %end;
# The file index is used to find the file name in the following table.
:file_names 3;
    "N/A";
    "<interactive>";
    "mixcolumns.v";
