#! /c/iverilog/bin/vvp
:ivl_version "0.9.7 " "(v0_9_7)";
:vpi_time_precision + 0;
:vpi_module "system";
:vpi_module "v2005_math";
:vpi_module "va_math";
S_00A916A8 .scope module, "round_key" "round_key" 2 1;
 .timescale 0 0;
L_00A9EB50 .functor XOR 16, C4<zzzzzzzzzzzzzzzz>, L_00A9EAC0, C4<0000000000000000>, C4<0000000000000000>;
v00A91730_0 .net *"_s0", 15 0, L_00A9EAC0; 1 drivers
v00A91788_0 .net *"_s3", 14 0, C4<000000000000000>; 1 drivers
v00A9E960_0 .net "out", 15 0, L_00A9EB50; 1 drivers
v00A9E9B8_0 .net "round_key", 0 0, C4<z>; 0 drivers
v00A9EA10_0 .net "roundkey", 15 0, C4<zzzzzzzzzzzzzzzz>; 0 drivers
v00A9EA68_0 .net "state", 15 0, C4<zzzzzzzzzzzzzzzz>; 0 drivers
L_00A9EAC0 .concat [ 1 15 0 0], C4<z>, C4<000000000000000>;
# The file index is used to find the file name in the following table.
:file_names 3;
    "N/A";
    "<interactive>";
    "round_key.v";
