#! /c/iverilog/bin/vvp
:ivl_version "0.9.7 " "(v0_9_7)";
:vpi_time_precision + 0;
:vpi_module "system";
:vpi_module "v2005_math";
:vpi_module "va_math";
S_012516C0 .scope module, "shiftrows" "shiftrows" 2 1;
 .timescale 0 0;
v01251748_0 .net *"_s1", 3 0, L_01255078; 1 drivers
v012517A0_0 .net *"_s3", 3 0, L_012550D0; 1 drivers
v01254F18_0 .net *"_s5", 3 0, L_01255160; 1 drivers
v01254F70_0 .net *"_s7", 3 0, L_0125E168; 1 drivers
v01254FC8_0 .net "in", 15 0, C4<zzzzzzzzzzzzzzzz>; 0 drivers
v01255020_0 .net "out", 15 0, L_0125EA30; 1 drivers
L_01255078 .part C4<zzzzzzzzzzzzzzzz>, 12, 4;
L_012550D0 .part C4<zzzzzzzzzzzzzzzz>, 8, 4;
L_01255160 .part C4<zzzzzzzzzzzzzzzz>, 0, 4;
L_0125E168 .part C4<zzzzzzzzzzzzzzzz>, 4, 4;
L_0125EA30 .concat [ 4 4 4 4], L_0125E168, L_01255160, L_012550D0, L_01255078;
# The file index is used to find the file name in the following table.
:file_names 3;
    "N/A";
    "<interactive>";
    "shiftrows.v";
