#! /c/iverilog/bin/vvp
:ivl_version "0.9.7 " "(v0_9_7)";
:vpi_time_precision + 0;
:vpi_module "system";
:vpi_module "v2005_math";
:vpi_module "va_math";
S_0127A698 .scope module, "top_module" "top_module" 2 1;
 .timescale 0 0;
L_0127B4A0 .functor XOR 1, v010E2CD8_0, v0127B828_0, C4<0>, C4<0>;
v011196A0_0 .net "clk", 0 0, C4<z>; 0 drivers
v01119178_0 .net "clk_slow", 0 0, v01119648_0; 1 drivers
v01118F68_0 .net "rst", 0 0, C4<z>; 0 drivers
v01118DB0_0 .net "seed", 3 0, C4<zzzz>; 0 drivers
v01118E60_0 .net "sel", 0 0, C4<z>; 0 drivers
v01118D58_0 .net "state", 3 0, L_01118CA8; 1 drivers
v011191D0_0 .net "w1", 0 0, L_0127B4A0; 1 drivers
v01119018_0 .net "w1int", 0 0, v010F05F8_0; 1 drivers
v011196F8_0 .net "w2", 0 0, v010F28E8_0; 1 drivers
v01118E08_0 .net "w2int", 0 0, v010F03E8_0; 1 drivers
v01118F10_0 .net "w3", 0 0, v010F3918_0; 1 drivers
v01118EB8_0 .net "w3int", 0 0, v010F0808_0; 1 drivers
v01118FC0_0 .net "w4", 0 0, v010E2CD8_0; 1 drivers
v01119070_0 .net "w4int", 0 0, v010F0A18_0; 1 drivers
v011190C8_0 .net "w5", 0 0, v0127B828_0; 1 drivers
L_01119280 .part C4<zzzz>, 3, 1;
L_01119120 .part C4<zzzz>, 2, 1;
L_01118C50 .part C4<zzzz>, 1, 1;
L_01119228 .part C4<zzzz>, 0, 1;
L_01118CA8 .concat [ 1 1 1 1], v0127B828_0, v010E2CD8_0, v010F3918_0, v010F28E8_0;
S_01279EA0 .scope module, "clkdiv" "CLKdiv" 2 13, 2 85, S_0127A698;
 .timescale 0 0;
v010F0910_0 .alias "clk", 0 0, v011196A0_0;
v01119648_0 .var "clk_1", 0 0;
v01118D00_0 .var "count", 26 0;
E_010E2588 .event posedge, v010F0910_0;
S_0127A368 .scope module, "muxp0" "mux" 2 20, 2 127, S_0127A698;
 .timescale 0 0;
v010F0390_0 .alias "clk_1", 0 0, v01119178_0;
v010F0700_0 .net "in", 0 0, L_01119280; 1 drivers
v010F05F8_0 .var "q", 0 0;
v010F06A8_0 .alias "sel", 0 0, v01118E60_0;
v010F08B8_0 .alias "w", 0 0, v011191D0_0;
S_01279E18 .scope module, "muxp1" "mux" 2 28, 2 127, S_0127A698;
 .timescale 0 0;
v010F07B0_0 .alias "clk_1", 0 0, v01119178_0;
v010F05A0_0 .net "in", 0 0, L_01119120; 1 drivers
v010F03E8_0 .var "q", 0 0;
v010F09C0_0 .alias "sel", 0 0, v01118E60_0;
v010F0860_0 .alias "w", 0 0, v011196F8_0;
S_01279D90 .scope module, "muxp2" "mux" 2 36, 2 127, S_0127A698;
 .timescale 0 0;
v010F0A70_0 .alias "clk_1", 0 0, v01119178_0;
v010F04F0_0 .net "in", 0 0, L_01118C50; 1 drivers
v010F0808_0 .var "q", 0 0;
v010F0758_0 .alias "sel", 0 0, v01118E60_0;
v010F0338_0 .alias "w", 0 0, v01118F10_0;
S_01279F28 .scope module, "muxp3" "mux" 2 44, 2 127, S_0127A698;
 .timescale 0 0;
v010F0548_0 .alias "clk_1", 0 0, v01119178_0;
v010F0440_0 .net "in", 0 0, L_01119228; 1 drivers
v010F0A18_0 .var "q", 0 0;
v010F0968_0 .alias "sel", 0 0, v01118E60_0;
v010F0650_0 .alias "w", 0 0, v01118FC0_0;
S_0127A7A8 .scope module, "d3" "dff" 2 52, 2 110, S_0127A698;
 .timescale 0 0;
v010F39C8_0 .alias "clk_1", 0 0, v01119178_0;
v010F2890_0 .alias "in", 0 0, v01119018_0;
v010F28E8_0 .var "o", 0 0;
v010F0498_0 .alias "reset", 0 0, v01118F68_0;
S_01279D08 .scope module, "d2" "dff" 2 59, 2 110, S_0127A698;
 .timescale 0 0;
v010F3CB8_0 .alias "clk_1", 0 0, v01119178_0;
v010F3D10_0 .alias "in", 0 0, v01118E08_0;
v010F3918_0 .var "o", 0 0;
v010F3970_0 .alias "reset", 0 0, v01118F68_0;
S_0127A478 .scope module, "d1" "dff" 2 66, 2 110, S_0127A698;
 .timescale 0 0;
v0127B268_0 .alias "clk_1", 0 0, v01119178_0;
v010E2C80_0 .alias "in", 0 0, v01118EB8_0;
v010E2CD8_0 .var "o", 0 0;
v010F3C60_0 .alias "reset", 0 0, v01118F68_0;
S_01279B70 .scope module, "d0" "dff" 2 73, 2 110, S_0127A698;
 .timescale 0 0;
v0127AD40_0 .alias "clk_1", 0 0, v01119178_0;
v0127B768_0 .alias "in", 0 0, v01119070_0;
v0127B828_0 .var "o", 0 0;
v010E3548_0 .alias "reset", 0 0, v01118F68_0;
E_010E2328 .event posedge, v0127AD40_0;
    .scope S_01279EA0;
T_0 ;
    %set/v v01118D00_0, 0, 27;
    %set/v v01119648_0, 0, 1;
    %end;
    .thread T_0;
    .scope S_01279EA0;
T_1 ;
    %wait E_010E2588;
    %load/v 8, v01118D00_0, 27;
    %cmpi/u 8, 1, 27;
    %jmp/0xz  T_1.0, 4;
    %load/v 8, v01119648_0, 1;
    %inv 8, 1;
    %ix/load 0, 1, 0;
    %assign/v0 v01119648_0, 0, 8;
    %ix/load 0, 27, 0;
    %assign/v0 v01118D00_0, 0, 0;
    %jmp T_1.1;
T_1.0 ;
    %ix/load 0, 1, 0;
    %load/vp0 8, v01118D00_0, 27;
    %ix/load 0, 27, 0;
    %assign/v0 v01118D00_0, 0, 8;
T_1.1 ;
    %jmp T_1;
    .thread T_1;
    .scope S_0127A368;
T_2 ;
    %wait E_010E2328;
    %load/v 8, v010F06A8_0, 1;
    %cmpi/u 8, 0, 1;
    %jmp/1 T_2.0, 6;
    %cmpi/u 8, 1, 1;
    %jmp/1 T_2.1, 6;
    %jmp T_2.2;
T_2.0 ;
    %load/v 8, v010F0700_0, 1;
    %ix/load 0, 1, 0;
    %assign/v0 v010F05F8_0, 0, 8;
    %jmp T_2.2;
T_2.1 ;
    %load/v 8, v010F08B8_0, 1;
    %ix/load 0, 1, 0;
    %assign/v0 v010F05F8_0, 0, 8;
    %jmp T_2.2;
T_2.2 ;
    %jmp T_2;
    .thread T_2;
    .scope S_01279E18;
T_3 ;
    %wait E_010E2328;
    %load/v 8, v010F09C0_0, 1;
    %cmpi/u 8, 0, 1;
    %jmp/1 T_3.0, 6;
    %cmpi/u 8, 1, 1;
    %jmp/1 T_3.1, 6;
    %jmp T_3.2;
T_3.0 ;
    %load/v 8, v010F05A0_0, 1;
    %ix/load 0, 1, 0;
    %assign/v0 v010F03E8_0, 0, 8;
    %jmp T_3.2;
T_3.1 ;
    %load/v 8, v010F0860_0, 1;
    %ix/load 0, 1, 0;
    %assign/v0 v010F03E8_0, 0, 8;
    %jmp T_3.2;
T_3.2 ;
    %jmp T_3;
    .thread T_3;
    .scope S_01279D90;
T_4 ;
    %wait E_010E2328;
    %load/v 8, v010F0758_0, 1;
    %cmpi/u 8, 0, 1;
    %jmp/1 T_4.0, 6;
    %cmpi/u 8, 1, 1;
    %jmp/1 T_4.1, 6;
    %jmp T_4.2;
T_4.0 ;
    %load/v 8, v010F04F0_0, 1;
    %ix/load 0, 1, 0;
    %assign/v0 v010F0808_0, 0, 8;
    %jmp T_4.2;
T_4.1 ;
    %load/v 8, v010F0338_0, 1;
    %ix/load 0, 1, 0;
    %assign/v0 v010F0808_0, 0, 8;
    %jmp T_4.2;
T_4.2 ;
    %jmp T_4;
    .thread T_4;
    .scope S_01279F28;
T_5 ;
    %wait E_010E2328;
    %load/v 8, v010F0968_0, 1;
    %cmpi/u 8, 0, 1;
    %jmp/1 T_5.0, 6;
    %cmpi/u 8, 1, 1;
    %jmp/1 T_5.1, 6;
    %jmp T_5.2;
T_5.0 ;
    %load/v 8, v010F0440_0, 1;
    %ix/load 0, 1, 0;
    %assign/v0 v010F0A18_0, 0, 8;
    %jmp T_5.2;
T_5.1 ;
    %load/v 8, v010F0650_0, 1;
    %ix/load 0, 1, 0;
    %assign/v0 v010F0A18_0, 0, 8;
    %jmp T_5.2;
T_5.2 ;
    %jmp T_5;
    .thread T_5;
    .scope S_0127A7A8;
T_6 ;
    %wait E_010E2328;
    %load/v 8, v010F0498_0, 1;
    %jmp/0xz  T_6.0, 8;
    %ix/load 0, 1, 0;
    %assign/v0 v010F28E8_0, 0, 0;
    %jmp T_6.1;
T_6.0 ;
    %load/v 8, v010F2890_0, 1;
    %ix/load 0, 1, 0;
    %assign/v0 v010F28E8_0, 0, 8;
T_6.1 ;
    %jmp T_6;
    .thread T_6;
    .scope S_01279D08;
T_7 ;
    %wait E_010E2328;
    %load/v 8, v010F3970_0, 1;
    %jmp/0xz  T_7.0, 8;
    %ix/load 0, 1, 0;
    %assign/v0 v010F3918_0, 0, 0;
    %jmp T_7.1;
T_7.0 ;
    %load/v 8, v010F3D10_0, 1;
    %ix/load 0, 1, 0;
    %assign/v0 v010F3918_0, 0, 8;
T_7.1 ;
    %jmp T_7;
    .thread T_7;
    .scope S_0127A478;
T_8 ;
    %wait E_010E2328;
    %load/v 8, v010F3C60_0, 1;
    %jmp/0xz  T_8.0, 8;
    %ix/load 0, 1, 0;
    %assign/v0 v010E2CD8_0, 0, 0;
    %jmp T_8.1;
T_8.0 ;
    %load/v 8, v010E2C80_0, 1;
    %ix/load 0, 1, 0;
    %assign/v0 v010E2CD8_0, 0, 8;
T_8.1 ;
    %jmp T_8;
    .thread T_8;
    .scope S_01279B70;
T_9 ;
    %wait E_010E2328;
    %load/v 8, v010E3548_0, 1;
    %jmp/0xz  T_9.0, 8;
    %ix/load 0, 1, 0;
    %assign/v0 v0127B828_0, 0, 0;
    %jmp T_9.1;
T_9.0 ;
    %load/v 8, v0127B768_0, 1;
    %ix/load 0, 1, 0;
    %assign/v0 v0127B828_0, 0, 8;
T_9.1 ;
    %jmp T_9;
    .thread T_9;
# The file index is used to find the file name in the following table.
:file_names 3;
    "N/A";
    "<interactive>";
    "lfsr.v";
