#! /c/iverilog/bin/vvp
:ivl_version "0.9.7 " "(v0_9_7)";
:vpi_time_precision + 0;
:vpi_module "system";
:vpi_module "v2005_math";
:vpi_module "va_math";
S_012994D0 .scope module, "full_adder_tb" "full_adder_tb" 2 1;
 .timescale 0 0;
v0129D848_0 .var "a", 0 0;
v0129D950_0 .var "b", 0 0;
v0129DA58_0 .net "carry", 0 0, L_0129E3D0; 1 drivers
v0129D8A0_0 .var "cin", 0 0;
v0129DBB8_0 .net "sum", 0 0, L_0129E028; 1 drivers
S_01299B30 .scope module, "uut" "full_adder" 2 10, 3 1, S_012994D0;
 .timescale 0 0;
L_01294088 .functor XOR 1, v0129D848_0, v0129D950_0, C4<0>, C4<0>;
L_0129E028 .functor XOR 1, L_01294088, v0129D8A0_0, C4<0>, C4<0>;
L_0129E1A0 .functor AND 1, v0129D848_0, v0129D950_0, C4<1>, C4<1>;
L_0129E210 .functor AND 1, v0129D8A0_0, L_01294088, C4<1>, C4<1>;
L_0129E3D0 .functor OR 1, L_0129E1A0, L_0129E210, C4<0>, C4<0>;
v01298340_0 .net "a", 0 0, v0129D848_0; 1 drivers
v01291640_0 .net "b", 0 0, v0129D950_0; 1 drivers
v01291698_0 .net "c1", 0 0, L_01294088; 1 drivers
v012916F0_0 .net "c2", 0 0, L_0129E1A0; 1 drivers
v01291748_0 .net "c3", 0 0, L_0129E210; 1 drivers
v01293FD8_0 .alias "carry", 0 0, v0129DA58_0;
v01294030_0 .net "cin", 0 0, v0129D8A0_0; 1 drivers
v0129DA00_0 .alias "sum", 0 0, v0129DBB8_0;
    .scope S_012994D0;
T_0 ;
    %vpi_call 2 19 "$dumpfile", "full_adder.vcd";
    %vpi_call 2 20 "$dumpvars", 1'sb0, S_012994D0;
    %set/v v0129D848_0, 0, 1;
    %set/v v0129D950_0, 0, 1;
    %set/v v0129D8A0_0, 0, 1;
    %delay 10, 0;
    %set/v v0129D848_0, 0, 1;
    %set/v v0129D950_0, 0, 1;
    %set/v v0129D8A0_0, 1, 1;
    %delay 10, 0;
    %set/v v0129D848_0, 0, 1;
    %set/v v0129D950_0, 1, 1;
    %set/v v0129D8A0_0, 0, 1;
    %delay 10, 0;
    %set/v v0129D848_0, 0, 1;
    %set/v v0129D950_0, 1, 1;
    %set/v v0129D8A0_0, 1, 1;
    %delay 10, 0;
    %set/v v0129D848_0, 1, 1;
    %set/v v0129D950_0, 0, 1;
    %set/v v0129D8A0_0, 0, 1;
    %delay 10, 0;
    %set/v v0129D848_0, 1, 1;
    %set/v v0129D950_0, 0, 1;
    %set/v v0129D8A0_0, 1, 1;
    %delay 10, 0;
    %set/v v0129D848_0, 1, 1;
    %set/v v0129D950_0, 1, 1;
    %set/v v0129D8A0_0, 0, 1;
    %delay 10, 0;
    %set/v v0129D848_0, 1, 1;
    %set/v v0129D950_0, 1, 1;
    %set/v v0129D8A0_0, 1, 1;
    %delay 10, 0;
    %vpi_call 2 46 "$finish";
    %end;
    .thread T_0;
# The file index is used to find the file name in the following table.
:file_names 4;
    "N/A";
    "<interactive>";
    "full_adder_tb.v";
    "full_adder.v";
