#! /c/iverilog/bin/vvp
:ivl_version "0.9.7 " "(v0_9_7)";
:vpi_time_precision + 0;
:vpi_module "system";
:vpi_module "v2005_math";
:vpi_module "va_math";
S_0111E5D8 .scope module, "rpa_16_tb" "rpa_16_tb" 2 1;
 .timescale 0 0;
v0115EFB0_0 .var "a", 15 0;
v0115E560_0 .var "b", 15 0;
v0115EC98_0 .var "cin", 0 0;
v0115E5B8_0 .net "cout", 0 0, L_01162D78; 1 drivers
RS_011270A4/0/0 .resolv tri, L_0115E878, L_0115EB38, L_0115F2C8, L_0115F168;
RS_011270A4/0/4 .resolv tri, L_011636C0, L_01163400, L_01163198, L_01163038;
RS_011270A4/0/8 .resolv tri, L_011633A8, L_011622D0, L_011620C0, L_01162380;
RS_011270A4/0/12 .resolv tri, L_01162220, L_01162278, L_01162A08, L_01162590;
RS_011270A4 .resolv tri, RS_011270A4/0/0, RS_011270A4/0/4, RS_011270A4/0/8, RS_011270A4/0/12;
v0115E668_0 .net8 "sum", 15 0, RS_011270A4; 16 drivers
S_0111E660 .scope module, "uut" "rpa_16" 2 9, 3 1, S_0111E5D8;
 .timescale 0 0;
L_01166AC8 .functor BUFZ 1, v0115EC98_0, C4<0>, C4<0>, C4<0>;
v0115EF00_0 .net *"_s115", 0 0, L_01166AC8; 1 drivers
v0115E928_0 .net "a", 15 0, v0115EFB0_0; 1 drivers
v0115E770_0 .net "b", 15 0, v0115E560_0; 1 drivers
RS_0112705C/0/0 .resolv tri, L_0115E8D0, L_0115EC40, L_0115F428, L_0115F218;
RS_0112705C/0/4 .resolv tri, L_01163718, L_01163878, L_01163458, L_01163090;
RS_0112705C/0/8 .resolv tri, L_011635B8, L_01161EB0, L_01162010, L_01161B40;
RS_0112705C/0/12 .resolv tri, L_01162170, L_01161AE8, L_01162BC0, L_01162C70;
RS_0112705C/0/16 .resolv tri, L_01162E28, C4<zzzzzzzzzzzzzzzzz>, C4<zzzzzzzzzzzzzzzzz>, C4<zzzzzzzzzzzzzzzzz>;
RS_0112705C/1/0 .resolv tri, RS_0112705C/0/0, RS_0112705C/0/4, RS_0112705C/0/8, RS_0112705C/0/12;
RS_0112705C/1/4 .resolv tri, RS_0112705C/0/16, C4<zzzzzzzzzzzzzzzzz>, C4<zzzzzzzzzzzzzzzzz>, C4<zzzzzzzzzzzzzzzzz>;
RS_0112705C .resolv tri, RS_0112705C/1/0, RS_0112705C/1/4, C4<zzzzzzzzzzzzzzzzz>, C4<zzzzzzzzzzzzzzzzz>;
v0115ECF0_0 .net8 "carry", 16 0, RS_0112705C; 17 drivers
v0115EDA0_0 .net "cin", 0 0, v0115EC98_0; 1 drivers
v0115E610_0 .alias "cout", 0 0, v0115E5B8_0;
v0115F008_0 .alias "sum", 15 0, v0115E668_0;
L_0115E7C8 .part v0115EFB0_0, 0, 1;
L_0115ED48 .part v0115E560_0, 0, 1;
L_0115E820 .part RS_0112705C, 0, 1;
L_0115E878 .part/pv L_01112530, 0, 1, 16;
L_0115E8D0 .part/pv L_0115F6E8, 1, 1, 17;
L_0115E9D8 .part v0115EFB0_0, 1, 1;
L_0115EA30 .part v0115E560_0, 1, 1;
L_0115EA88 .part RS_0112705C, 1, 1;
L_0115EB38 .part/pv L_0115FBD8, 1, 1, 16;
L_0115EC40 .part/pv L_0115FC10, 2, 1, 17;
L_0115F480 .part v0115EFB0_0, 2, 1;
L_0115F0B8 .part v0115E560_0, 2, 1;
L_0115F4D8 .part RS_0112705C, 2, 1;
L_0115F2C8 .part/pv L_0115FA88, 2, 1, 16;
L_0115F428 .part/pv L_01160038, 3, 1, 17;
L_0115F060 .part v0115EFB0_0, 3, 1;
L_0115F110 .part v0115E560_0, 3, 1;
L_0115F3D0 .part RS_0112705C, 3, 1;
L_0115F168 .part/pv L_0115FB68, 3, 1, 16;
L_0115F218 .part/pv L_01161688, 4, 1, 17;
L_0115F378 .part v0115EFB0_0, 4, 1;
L_0115F1C0 .part v0115E560_0, 4, 1;
L_01163820 .part RS_0112705C, 4, 1;
L_011636C0 .part/pv L_01161650, 4, 1, 16;
L_01163718 .part/pv L_011617D8, 5, 1, 17;
L_01163610 .part v0115EFB0_0, 5, 1;
L_011638D0 .part v0115E560_0, 5, 1;
L_01163770 .part RS_0112705C, 5, 1;
L_01163400 .part/pv L_01163F40, 5, 1, 16;
L_01163878 .part/pv L_01164058, 6, 1, 17;
L_01163668 .part v0115EFB0_0, 6, 1;
L_01163140 .part v0115E560_0, 6, 1;
L_011634B0 .part RS_0112705C, 6, 1;
L_01163198 .part/pv L_01163A70, 6, 1, 16;
L_01163458 .part/pv L_01163CD8, 7, 1, 17;
L_01163508 .part v0115EFB0_0, 7, 1;
L_01162F88 .part v0115E560_0, 7, 1;
L_01162FE0 .part RS_0112705C, 7, 1;
L_01163038 .part/pv L_011647B8, 7, 1, 16;
L_01163090 .part/pv L_011643C8, 8, 1, 17;
L_011632A0 .part v0115EFB0_0, 8, 1;
L_011632F8 .part v0115E560_0, 8, 1;
L_01163560 .part RS_0112705C, 8, 1;
L_011633A8 .part/pv L_011642B0, 8, 1, 16;
L_011635B8 .part/pv L_01164198, 9, 1, 17;
L_01162430 .part v0115EFB0_0, 9, 1;
L_01161C48 .part v0115E560_0, 9, 1;
L_01162328 .part RS_0112705C, 9, 1;
L_011622D0 .part/pv L_01165148, 9, 1, 16;
L_01161EB0 .part/pv L_01165068, 10, 1, 17;
L_01161988 .part v0115EFB0_0, 10, 1;
L_01161A38 .part v0115E560_0, 10, 1;
L_01161F08 .part RS_0112705C, 10, 1;
L_011620C0 .part/pv L_011650A0, 10, 1, 16;
L_01162010 .part/pv L_01165030, 11, 1, 17;
L_01161D50 .part v0115EFB0_0, 11, 1;
L_01161BF0 .part v0115E560_0, 11, 1;
L_01162118 .part RS_0112705C, 11, 1;
L_01162380 .part/pv L_011653A0, 11, 1, 16;
L_01161B40 .part/pv L_011656E8, 12, 1, 17;
L_01161DA8 .part v0115EFB0_0, 12, 1;
L_01161E58 .part v0115E560_0, 12, 1;
L_01161FB8 .part RS_0112705C, 12, 1;
L_01162220 .part/pv L_01165790, 12, 1, 16;
L_01162170 .part/pv L_01164E38, 13, 1, 17;
L_01161B98 .part v0115EFB0_0, 13, 1;
L_01161A90 .part v0115E560_0, 13, 1;
L_011623D8 .part RS_0112705C, 13, 1;
L_01162278 .part/pv L_01166560, 13, 1, 16;
L_01161AE8 .part/pv L_01166090, 14, 1, 17;
L_01161CA0 .part v0115EFB0_0, 14, 1;
L_01161CF8 .part v0115E560_0, 14, 1;
L_01162E80 .part RS_0112705C, 14, 1;
L_01162A08 .part/pv L_01166598, 14, 1, 16;
L_01162BC0 .part/pv L_01165988, 15, 1, 17;
L_01162ED8 .part v0115EFB0_0, 15, 1;
L_011624E0 .part v0115E560_0, 15, 1;
L_01162538 .part RS_0112705C, 15, 1;
L_01162590 .part/pv L_01166860, 15, 1, 16;
L_01162C70 .part/pv L_011667B8, 16, 1, 17;
L_01162E28 .part/pv L_01166AC8, 0, 1, 17;
L_01162D78 .part RS_0112705C, 16, 1;
S_011188A8 .scope generate, "rca[0]" "rca[0]" 3 15, 3 15, S_0111E660;
 .timescale 0 0;
P_011221F4 .param/l "i" 3 15, +C4<00>;
L_0115F608 .functor NOT 1, L_0115ED48, C4<0>, C4<0>, C4<0>;
v0115EDF8_0 .net *"_s1", 0 0, L_0115ED48; 1 drivers
v0115EE50_0 .net *"_s2", 0 0, L_0115F608; 1 drivers
v0115EAE0_0 .net *"_s4", 0 0, C4<1>; 1 drivers
L_0115E6C0 .arith/sum 1, L_0115F608, C4<1>;
S_011184F0 .scope module, "fa" "full_adder" 3 16, 3 31, S_011188A8;
 .timescale 0 0;
L_0121B8D8 .functor XOR 1, L_0115E7C8, L_0115E6C0, C4<0>, C4<0>;
L_01112530 .functor XOR 1, L_0121B8D8, L_0115E820, C4<0>, C4<0>;
L_011125A0 .functor AND 1, L_0115E7C8, L_0115E6C0, C4<1>, C4<1>;
L_0115F640 .functor AND 1, L_0115E6C0, L_0115E820, C4<1>, C4<1>;
L_0115F870 .functor OR 1, L_011125A0, L_0115F640, C4<0>, C4<0>;
L_0115F6B0 .functor AND 1, L_0115E7C8, L_0115E820, C4<1>, C4<1>;
L_0115F6E8 .functor OR 1, L_0115F870, L_0115F6B0, C4<0>, C4<0>;
v0115D328_0 .net *"_s0", 0 0, L_0121B8D8; 1 drivers
v0115D278_0 .net *"_s10", 0 0, L_0115F6B0; 1 drivers
v0115D2D0_0 .net *"_s4", 0 0, L_011125A0; 1 drivers
v0115D380_0 .net *"_s6", 0 0, L_0115F640; 1 drivers
v0115D748_0 .net *"_s8", 0 0, L_0115F870; 1 drivers
v0115EF58_0 .net "a", 0 0, L_0115E7C8; 1 drivers
v0115E980_0 .net "b", 0 0, L_0115E6C0; 1 drivers
v0115EEA8_0 .net "cin", 0 0, L_0115E820; 1 drivers
v0115EB90_0 .net "cout", 0 0, L_0115F6E8; 1 drivers
v0115E718_0 .net "sum", 0 0, L_01112530; 1 drivers
S_01118578 .scope generate, "rca[1]" "rca[1]" 3 15, 3 15, S_0111E660;
 .timescale 0 0;
P_01122394 .param/l "i" 3 15, +C4<01>;
L_0115FD60 .functor NOT 1, L_0115EA30, C4<0>, C4<0>, C4<0>;
v0115D010_0 .net *"_s1", 0 0, L_0115EA30; 1 drivers
v0115D170_0 .net *"_s2", 0 0, L_0115FD60; 1 drivers
v0115D220_0 .net *"_s4", 0 0, C4<1>; 1 drivers
L_0115EBE8 .arith/sum 1, L_0115FD60, C4<1>;
S_01118C60 .scope module, "fa" "full_adder" 3 16, 3 31, S_01118578;
 .timescale 0 0;
L_0115FA18 .functor XOR 1, L_0115E9D8, L_0115EBE8, C4<0>, C4<0>;
L_0115FBD8 .functor XOR 1, L_0115FA18, L_0115EA88, C4<0>, C4<0>;
L_0115FE08 .functor AND 1, L_0115E9D8, L_0115EBE8, C4<1>, C4<1>;
L_0115FE40 .functor AND 1, L_0115EBE8, L_0115EA88, C4<1>, C4<1>;
L_0115FFC8 .functor OR 1, L_0115FE08, L_0115FE40, C4<0>, C4<0>;
L_0115FEE8 .functor AND 1, L_0115E9D8, L_0115EA88, C4<1>, C4<1>;
L_0115FC10 .functor OR 1, L_0115FFC8, L_0115FEE8, C4<0>, C4<0>;
v0115D4E0_0 .net *"_s0", 0 0, L_0115FA18; 1 drivers
v0115CDA8_0 .net *"_s10", 0 0, L_0115FEE8; 1 drivers
v0115D538_0 .net *"_s4", 0 0, L_0115FE08; 1 drivers
v0115CE00_0 .net *"_s6", 0 0, L_0115FE40; 1 drivers
v0115CFB8_0 .net *"_s8", 0 0, L_0115FFC8; 1 drivers
v0115D0C0_0 .net "a", 0 0, L_0115E9D8; 1 drivers
v0115D640_0 .net "b", 0 0, L_0115EBE8; 1 drivers
v0115CF08_0 .net "cin", 0 0, L_0115EA88; 1 drivers
v0115CF60_0 .net "cout", 0 0, L_0115FC10; 1 drivers
v0115D068_0 .net "sum", 0 0, L_0115FBD8; 1 drivers
S_0111CC58 .scope generate, "rca[2]" "rca[2]" 3 15, 3 15, S_0111E660;
 .timescale 0 0;
P_01122174 .param/l "i" 3 15, +C4<010>;
L_0115FC80 .functor NOT 1, L_0115F0B8, C4<0>, C4<0>, C4<0>;
v0115D430_0 .net *"_s1", 0 0, L_0115F0B8; 1 drivers
v0115D6F0_0 .net *"_s2", 0 0, L_0115FC80; 1 drivers
v0115D5E8_0 .net *"_s4", 0 0, C4<1>; 1 drivers
L_0115F270 .arith/sum 1, L_0115FC80, C4<1>;
S_0111CCE0 .scope module, "fa" "full_adder" 3 16, 3 31, S_0111CC58;
 .timescale 0 0;
L_0115FF58 .functor XOR 1, L_0115F480, L_0115F270, C4<0>, C4<0>;
L_0115FA88 .functor XOR 1, L_0115FF58, L_0115F4D8, C4<0>, C4<0>;
L_0115FC48 .functor AND 1, L_0115F480, L_0115F270, C4<1>, C4<1>;
L_0115FAC0 .functor AND 1, L_0115F270, L_0115F4D8, C4<1>, C4<1>;
L_0115FCB8 .functor OR 1, L_0115FC48, L_0115FAC0, C4<0>, C4<0>;
L_0115FE78 .functor AND 1, L_0115F480, L_0115F4D8, C4<1>, C4<1>;
L_01160038 .functor OR 1, L_0115FCB8, L_0115FE78, C4<0>, C4<0>;
v0115CD50_0 .net *"_s0", 0 0, L_0115FF58; 1 drivers
v0115CEB0_0 .net *"_s10", 0 0, L_0115FE78; 1 drivers
v0115D7A0_0 .net *"_s4", 0 0, L_0115FC48; 1 drivers
v0115D590_0 .net *"_s6", 0 0, L_0115FAC0; 1 drivers
v0115D1C8_0 .net *"_s8", 0 0, L_0115FCB8; 1 drivers
v0115D7F8_0 .net "a", 0 0, L_0115F480; 1 drivers
v0115D698_0 .net "b", 0 0, L_0115F270; 1 drivers
v0115CE58_0 .net "cin", 0 0, L_0115F4D8; 1 drivers
v0115D118_0 .net "cout", 0 0, L_01160038; 1 drivers
v0115D3D8_0 .net "sum", 0 0, L_0115FA88; 1 drivers
S_0111DC48 .scope generate, "rca[3]" "rca[3]" 3 15, 3 15, S_0111E660;
 .timescale 0 0;
P_01122294 .param/l "i" 3 15, +C4<011>;
L_011611F0 .functor NOT 1, L_0115F110, C4<0>, C4<0>, C4<0>;
v0115DB10_0 .net *"_s1", 0 0, L_0115F110; 1 drivers
v0115DA08_0 .net *"_s2", 0 0, L_011611F0; 1 drivers
v0115D488_0 .net *"_s4", 0 0, C4<1>; 1 drivers
L_0115F320 .arith/sum 1, L_011611F0, C4<1>;
S_0111DCD0 .scope module, "fa" "full_adder" 3 16, 3 31, S_0111DC48;
 .timescale 0 0;
L_0115F9E0 .functor XOR 1, L_0115F060, L_0115F320, C4<0>, C4<0>;
L_0115FB68 .functor XOR 1, L_0115F9E0, L_0115F3D0, C4<0>, C4<0>;
L_01161308 .functor AND 1, L_0115F060, L_0115F320, C4<1>, C4<1>;
L_01161228 .functor AND 1, L_0115F320, L_0115F3D0, C4<1>, C4<1>;
L_01161810 .functor OR 1, L_01161308, L_01161228, C4<0>, C4<0>;
L_01161618 .functor AND 1, L_0115F060, L_0115F3D0, C4<1>, C4<1>;
L_01161688 .functor OR 1, L_01161810, L_01161618, C4<0>, C4<0>;
v0115DC70_0 .net *"_s0", 0 0, L_0115F9E0; 1 drivers
v0115D850_0 .net *"_s10", 0 0, L_01161618; 1 drivers
v0115DCC8_0 .net *"_s4", 0 0, L_01161308; 1 drivers
v0115DB68_0 .net *"_s6", 0 0, L_01161228; 1 drivers
v0115DC18_0 .net *"_s8", 0 0, L_01161810; 1 drivers
v0115D8A8_0 .net "a", 0 0, L_0115F060; 1 drivers
v0115D958_0 .net "b", 0 0, L_0115F320; 1 drivers
v0115D900_0 .net "cin", 0 0, L_0115F3D0; 1 drivers
v0115D9B0_0 .net "cout", 0 0, L_01161688; 1 drivers
v0115DAB8_0 .net "sum", 0 0, L_0115FB68; 1 drivers
S_0111DAB0 .scope generate, "rca[4]" "rca[4]" 3 15, 3 15, S_0111E660;
 .timescale 0 0;
P_011222B4 .param/l "i" 3 15, +C4<0100>;
L_01161730 .functor NOT 1, L_0115F1C0, C4<0>, C4<0>, C4<0>;
v0115C480_0 .net *"_s1", 0 0, L_0115F1C0; 1 drivers
v0115DA60_0 .net *"_s2", 0 0, L_01161730; 1 drivers
v0115DBC0_0 .net *"_s4", 0 0, C4<1>; 1 drivers
L_011637C8 .arith/sum 1, L_01161730, C4<1>;
S_0111DB38 .scope module, "fa" "full_adder" 3 16, 3 31, S_0111DAB0;
 .timescale 0 0;
L_01161298 .functor XOR 1, L_0115F378, L_011637C8, C4<0>, C4<0>;
L_01161650 .functor XOR 1, L_01161298, L_01163820, C4<0>, C4<0>;
L_011616C0 .functor AND 1, L_0115F378, L_011637C8, C4<1>, C4<1>;
L_011613B0 .functor AND 1, L_011637C8, L_01163820, C4<1>, C4<1>;
L_01161458 .functor OR 1, L_011616C0, L_011613B0, C4<0>, C4<0>;
L_01161768 .functor AND 1, L_0115F378, L_01163820, C4<1>, C4<1>;
L_011617D8 .functor OR 1, L_01161458, L_01161768, C4<0>, C4<0>;
v0115C638_0 .net *"_s0", 0 0, L_01161298; 1 drivers
v0115C2C8_0 .net *"_s10", 0 0, L_01161768; 1 drivers
v0115C690_0 .net *"_s4", 0 0, L_011616C0; 1 drivers
v0115C110_0 .net *"_s6", 0 0, L_011613B0; 1 drivers
v0115C320_0 .net *"_s8", 0 0, L_01161458; 1 drivers
v0115C588_0 .net "a", 0 0, L_0115F378; 1 drivers
v0115C5E0_0 .net "b", 0 0, L_011637C8; 1 drivers
v0115BDF8_0 .net "cin", 0 0, L_01163820; 1 drivers
v0115BD48_0 .net "cout", 0 0, L_011617D8; 1 drivers
v0115BDA0_0 .net "sum", 0 0, L_01161650; 1 drivers
S_0111D6F8 .scope generate, "rca[5]" "rca[5]" 3 15, 3 15, S_0111E660;
 .timescale 0 0;
P_01122FB4 .param/l "i" 3 15, +C4<0101>;
L_01164020 .functor NOT 1, L_011638D0, C4<0>, C4<0>, C4<0>;
v0115C270_0 .net *"_s1", 0 0, L_011638D0; 1 drivers
v0115C0B8_0 .net *"_s2", 0 0, L_01164020; 1 drivers
v0115C378_0 .net *"_s4", 0 0, C4<1>; 1 drivers
L_011630E8 .arith/sum 1, L_01164020, C4<1>;
S_0111D9A0 .scope module, "fa" "full_adder" 3 16, 3 31, S_0111D6F8;
 .timescale 0 0;
L_011618F0 .functor XOR 1, L_01163610, L_011630E8, C4<0>, C4<0>;
L_01163F40 .functor XOR 1, L_011618F0, L_01163770, C4<0>, C4<0>;
L_01163A38 .functor AND 1, L_01163610, L_011630E8, C4<1>, C4<1>;
L_01163A00 .functor AND 1, L_011630E8, L_01163770, C4<1>, C4<1>;
L_01163F08 .functor OR 1, L_01163A38, L_01163A00, C4<0>, C4<0>;
L_01163990 .functor AND 1, L_01163610, L_01163770, C4<1>, C4<1>;
L_01164058 .functor OR 1, L_01163F08, L_01163990, C4<0>, C4<0>;
v0115C1C0_0 .net *"_s0", 0 0, L_011618F0; 1 drivers
v0115C530_0 .net *"_s10", 0 0, L_01163990; 1 drivers
v0115BFB0_0 .net *"_s4", 0 0, L_01163A38; 1 drivers
v0115C3D0_0 .net *"_s6", 0 0, L_01163A00; 1 drivers
v0115C740_0 .net *"_s8", 0 0, L_01163F08; 1 drivers
v0115C218_0 .net "a", 0 0, L_01163610; 1 drivers
v0115C798_0 .net "b", 0 0, L_011630E8; 1 drivers
v0115C7F0_0 .net "cin", 0 0, L_01163770; 1 drivers
v0115C060_0 .net "cout", 0 0, L_01164058; 1 drivers
v0115C008_0 .net "sum", 0 0, L_01163F40; 1 drivers
S_0111D4D8 .scope generate, "rca[6]" "rca[6]" 3 15, 3 15, S_0111E660;
 .timescale 0 0;
P_01122F74 .param/l "i" 3 15, +C4<0110>;
L_01163AE0 .functor NOT 1, L_01163140, C4<0>, C4<0>, C4<0>;
v0115C168_0 .net *"_s1", 0 0, L_01163140; 1 drivers
v0115BF58_0 .net *"_s2", 0 0, L_01163AE0; 1 drivers
v0115C428_0 .net *"_s4", 0 0, C4<1>; 1 drivers
L_01163248 .arith/sum 1, L_01163AE0, C4<1>;
S_0111D670 .scope module, "fa" "full_adder" 3 16, 3 31, S_0111D4D8;
 .timescale 0 0;
L_01163DF0 .functor XOR 1, L_01163668, L_01163248, C4<0>, C4<0>;
L_01163A70 .functor XOR 1, L_01163DF0, L_011634B0, C4<0>, C4<0>;
L_01163AA8 .functor AND 1, L_01163668, L_01163248, C4<1>, C4<1>;
L_01163B50 .functor AND 1, L_01163248, L_011634B0, C4<1>, C4<1>;
L_01163BC0 .functor OR 1, L_01163AA8, L_01163B50, C4<0>, C4<0>;
L_01163CA0 .functor AND 1, L_01163668, L_011634B0, C4<1>, C4<1>;
L_01163CD8 .functor OR 1, L_01163BC0, L_01163CA0, C4<0>, C4<0>;
v0115CAB0_0 .net *"_s0", 0 0, L_01163DF0; 1 drivers
v0115C9A8_0 .net *"_s10", 0 0, L_01163CA0; 1 drivers
v0115CA58_0 .net *"_s4", 0 0, L_01163AA8; 1 drivers
v0115CB08_0 .net *"_s6", 0 0, L_01163B50; 1 drivers
v0115CB60_0 .net *"_s8", 0 0, L_01163BC0; 1 drivers
v0115C4D8_0 .net "a", 0 0, L_01163668; 1 drivers
v0115BE50_0 .net "b", 0 0, L_01163248; 1 drivers
v0115BF00_0 .net "cin", 0 0, L_011634B0; 1 drivers
v0115BEA8_0 .net "cout", 0 0, L_01163CD8; 1 drivers
v0115C6E8_0 .net "sum", 0 0, L_01163A70; 1 drivers
S_0111D010 .scope generate, "rca[7]" "rca[7]" 3 15, 3 15, S_0111E660;
 .timescale 0 0;
P_01122C94 .param/l "i" 3 15, +C4<0111>;
L_01164278 .functor NOT 1, L_01162F88, C4<0>, C4<0>, C4<0>;
v0115C8A0_0 .net *"_s1", 0 0, L_01162F88; 1 drivers
v0115C8F8_0 .net *"_s2", 0 0, L_01164278; 1 drivers
v0115C950_0 .net *"_s4", 0 0, C4<1>; 1 drivers
L_011631F0 .arith/sum 1, L_01164278, C4<1>;
S_0111D450 .scope module, "fa" "full_adder" 3 16, 3 31, S_0111D010;
 .timescale 0 0;
L_01164390 .functor XOR 1, L_01163508, L_011631F0, C4<0>, C4<0>;
L_011647B8 .functor XOR 1, L_01164390, L_01162FE0, C4<0>, C4<0>;
L_01164240 .functor AND 1, L_01163508, L_011631F0, C4<1>, C4<1>;
L_01164630 .functor AND 1, L_011631F0, L_01162FE0, C4<1>, C4<1>;
L_01164828 .functor OR 1, L_01164240, L_01164630, C4<0>, C4<0>;
L_01164470 .functor AND 1, L_01163508, L_01162FE0, C4<1>, C4<1>;
L_011643C8 .functor OR 1, L_01164828, L_01164470, C4<0>, C4<0>;
v0115B840_0 .net *"_s0", 0 0, L_01164390; 1 drivers
v0115BC60_0 .net *"_s10", 0 0, L_01164470; 1 drivers
v0115BC08_0 .net *"_s4", 0 0, L_01164240; 1 drivers
v0115B9F8_0 .net *"_s6", 0 0, L_01164630; 1 drivers
v0115CCC0_0 .net *"_s8", 0 0, L_01164828; 1 drivers
v0115CBB8_0 .net "a", 0 0, L_01163508; 1 drivers
v0115CC10_0 .net "b", 0 0, L_011631F0; 1 drivers
v0115CC68_0 .net "cin", 0 0, L_01162FE0; 1 drivers
v0115CA00_0 .net "cout", 0 0, L_011643C8; 1 drivers
v0115C848_0 .net "sum", 0 0, L_011647B8; 1 drivers
S_0111D918 .scope generate, "rca[8]" "rca[8]" 3 15, 3 15, S_0111E660;
 .timescale 0 0;
P_01122EF4 .param/l "i" 3 15, +C4<01000>;
L_011644E0 .functor NOT 1, L_011632F8, C4<0>, C4<0>, C4<0>;
v0115B8F0_0 .net *"_s1", 0 0, L_011632F8; 1 drivers
v0115B948_0 .net *"_s2", 0 0, L_011644E0; 1 drivers
v0115B9A0_0 .net *"_s4", 0 0, C4<1>; 1 drivers
L_01163350 .arith/sum 1, L_011644E0, C4<1>;
S_0111D2B8 .scope module, "fa" "full_adder" 3 16, 3 31, S_0111D918;
 .timescale 0 0;
L_01164400 .functor XOR 1, L_011632A0, L_01163350, C4<0>, C4<0>;
L_011642B0 .functor XOR 1, L_01164400, L_01163560, C4<0>, C4<0>;
L_011645F8 .functor AND 1, L_011632A0, L_01163350, C4<1>, C4<1>;
L_01164588 .functor AND 1, L_01163350, L_01163560, C4<1>, C4<1>;
L_011645C0 .functor OR 1, L_011645F8, L_01164588, C4<0>, C4<0>;
L_01164860 .functor AND 1, L_011632A0, L_01163560, C4<1>, C4<1>;
L_01164198 .functor OR 1, L_011645C0, L_01164860, C4<0>, C4<0>;
v0115AD98_0 .net *"_s0", 0 0, L_01164400; 1 drivers
v0115ADF0_0 .net *"_s10", 0 0, L_01164860; 1 drivers
v0115AE48_0 .net *"_s4", 0 0, L_011645F8; 1 drivers
v0115BCB8_0 .net *"_s6", 0 0, L_01164588; 1 drivers
v0115BAA8_0 .net *"_s8", 0 0, L_011645C0; 1 drivers
v0115BB00_0 .net "a", 0 0, L_011632A0; 1 drivers
v0115BA50_0 .net "b", 0 0, L_01163350; 1 drivers
v0115BB58_0 .net "cin", 0 0, L_01163560; 1 drivers
v0115B898_0 .net "cout", 0 0, L_01164198; 1 drivers
v0115BBB0_0 .net "sum", 0 0, L_011642B0; 1 drivers
S_0111CF88 .scope generate, "rca[9]" "rca[9]" 3 15, 3 15, S_0111E660;
 .timescale 0 0;
P_01122EB4 .param/l "i" 3 15, +C4<01001>;
L_01164D90 .functor NOT 1, L_01161C48, C4<0>, C4<0>, C4<0>;
v0115B790_0 .net *"_s1", 0 0, L_01161C48; 1 drivers
v0115B7E8_0 .net *"_s2", 0 0, L_01164D90; 1 drivers
v0115AD40_0 .net *"_s4", 0 0, C4<1>; 1 drivers
L_011619E0 .arith/sum 1, L_01164D90, C4<1>;
S_0111D890 .scope module, "fa" "full_adder" 3 16, 3 31, S_0111CF88;
 .timescale 0 0;
L_01164F88 .functor XOR 1, L_01162430, L_011619E0, C4<0>, C4<0>;
L_01165148 .functor XOR 1, L_01164F88, L_01162328, C4<0>, C4<0>;
L_01164D20 .functor AND 1, L_01162430, L_011619E0, C4<1>, C4<1>;
L_01164C08 .functor AND 1, L_011619E0, L_01162328, C4<1>, C4<1>;
L_01165110 .functor OR 1, L_01164D20, L_01164C08, C4<0>, C4<0>;
L_01164C40 .functor AND 1, L_01162430, L_01162328, C4<1>, C4<1>;
L_01165068 .functor OR 1, L_01165110, L_01164C40, C4<0>, C4<0>;
v0115B420_0 .net *"_s0", 0 0, L_01164F88; 1 drivers
v0115B738_0 .net *"_s10", 0 0, L_01164C40; 1 drivers
v0115B268_0 .net *"_s4", 0 0, L_01164D20; 1 drivers
v0115B478_0 .net *"_s6", 0 0, L_01164C08; 1 drivers
v0115B0B0_0 .net *"_s8", 0 0, L_01165110; 1 drivers
v0115B528_0 .net "a", 0 0, L_01162430; 1 drivers
v0115AEF8_0 .net "b", 0 0, L_011619E0; 1 drivers
v0115B580_0 .net "cin", 0 0, L_01162328; 1 drivers
v0115B5D8_0 .net "cout", 0 0, L_01165068; 1 drivers
v0115B630_0 .net "sum", 0 0, L_01165148; 1 drivers
S_0111D230 .scope generate, "rca[10]" "rca[10]" 3 15, 3 15, S_0111E660;
 .timescale 0 0;
P_01122D74 .param/l "i" 3 15, +C4<01010>;
L_01164EE0 .functor NOT 1, L_01161A38, C4<0>, C4<0>, C4<0>;
v0115B318_0 .net *"_s1", 0 0, L_01161A38; 1 drivers
v0115B3C8_0 .net *"_s2", 0 0, L_01164EE0; 1 drivers
v0115B1B8_0 .net *"_s4", 0 0, C4<1>; 1 drivers
L_01161E00 .arith/sum 1, L_01164EE0, C4<1>;
S_0111CF00 .scope module, "fa" "full_adder" 3 16, 3 31, S_0111D230;
 .timescale 0 0;
L_011651F0 .functor XOR 1, L_01161988, L_01161E00, C4<0>, C4<0>;
L_011650A0 .functor XOR 1, L_011651F0, L_01161F08, C4<0>, C4<0>;
L_01164CB0 .functor AND 1, L_01161988, L_01161E00, C4<1>, C4<1>;
L_01164E70 .functor AND 1, L_01161E00, L_01161F08, C4<1>, C4<1>;
L_01164F18 .functor OR 1, L_01164CB0, L_01164E70, C4<0>, C4<0>;
L_01164B60 .functor AND 1, L_01161988, L_01161F08, C4<1>, C4<1>;
L_01165030 .functor OR 1, L_01164F18, L_01164B60, C4<0>, C4<0>;
v0115B108_0 .net *"_s0", 0 0, L_011651F0; 1 drivers
v0115B2C0_0 .net *"_s10", 0 0, L_01164B60; 1 drivers
v0115B6E0_0 .net *"_s4", 0 0, L_01164CB0; 1 drivers
v0115AEA0_0 .net *"_s6", 0 0, L_01164E70; 1 drivers
v0115B058_0 .net *"_s8", 0 0, L_01164F18; 1 drivers
v0115B210_0 .net "a", 0 0, L_01161988; 1 drivers
v0115B688_0 .net "b", 0 0, L_01161E00; 1 drivers
v0115B370_0 .net "cin", 0 0, L_01161F08; 1 drivers
v0115B000_0 .net "cout", 0 0, L_01165030; 1 drivers
v0115B160_0 .net "sum", 0 0, L_011650A0; 1 drivers
S_0111E990 .scope generate, "rca[11]" "rca[11]" 3 15, 3 15, S_0111E660;
 .timescale 0 0;
P_01122D34 .param/l "i" 3 15, +C4<01011>;
L_01165410 .functor NOT 1, L_01161BF0, C4<0>, C4<0>, C4<0>;
v0115B4D0_0 .net *"_s1", 0 0, L_01161BF0; 1 drivers
v0115AF50_0 .net *"_s2", 0 0, L_01165410; 1 drivers
v0115AFA8_0 .net *"_s4", 0 0, C4<1>; 1 drivers
L_01162068 .arith/sum 1, L_01165410, C4<1>;
S_0111D340 .scope module, "fa" "full_adder" 3 16, 3 31, S_0111E990;
 .timescale 0 0;
L_01165640 .functor XOR 1, L_01161D50, L_01162068, C4<0>, C4<0>;
L_011653A0 .functor XOR 1, L_01165640, L_01162118, C4<0>, C4<0>;
L_01165678 .functor AND 1, L_01161D50, L_01162068, C4<1>, C4<1>;
L_011659F8 .functor AND 1, L_01162068, L_01162118, C4<1>, C4<1>;
L_01165560 .functor OR 1, L_01165678, L_011659F8, C4<0>, C4<0>;
L_01165528 .functor AND 1, L_01161D50, L_01162118, C4<1>, C4<1>;
L_011656E8 .functor OR 1, L_01165560, L_01165528, C4<0>, C4<0>;
v0115A8E8_0 .net *"_s0", 0 0, L_01165640; 1 drivers
v0115A998_0 .net *"_s10", 0 0, L_01165528; 1 drivers
v0115A9F0_0 .net *"_s4", 0 0, L_01165678; 1 drivers
v0115AAA0_0 .net *"_s6", 0 0, L_011659F8; 1 drivers
v0115A940_0 .net *"_s8", 0 0, L_01165560; 1 drivers
v0115AAF8_0 .net "a", 0 0, L_01161D50; 1 drivers
v0115AC00_0 .net "b", 0 0, L_01162068; 1 drivers
v0115AC58_0 .net "cin", 0 0, L_01162118; 1 drivers
v0115ACB0_0 .net "cout", 0 0, L_011656E8; 1 drivers
v0115A838_0 .net "sum", 0 0, L_011653A0; 1 drivers
S_0111E000 .scope generate, "rca[12]" "rca[12]" 3 15, 3 15, S_0111E660;
 .timescale 0 0;
P_01122E74 .param/l "i" 3 15, +C4<01100>;
L_01166640 .functor NOT 1, L_01161E58, C4<0>, C4<0>, C4<0>;
v0115AA48_0 .net *"_s1", 0 0, L_01161E58; 1 drivers
v0115AB50_0 .net *"_s2", 0 0, L_01166640; 1 drivers
v0115ABA8_0 .net *"_s4", 0 0, C4<1>; 1 drivers
L_01161F60 .arith/sum 1, L_01166640, C4<1>;
S_0111E198 .scope module, "fa" "full_adder" 3 16, 3 31, S_0111E000;
 .timescale 0 0;
L_01165758 .functor XOR 1, L_01161DA8, L_01161F60, C4<0>, C4<0>;
L_01165790 .functor XOR 1, L_01165758, L_01161FB8, C4<0>, C4<0>;
L_01165950 .functor AND 1, L_01161DA8, L_01161F60, C4<1>, C4<1>;
L_011659C0 .functor AND 1, L_01161F60, L_01161FB8, C4<1>, C4<1>;
L_01165368 .functor OR 1, L_01165950, L_011659C0, C4<0>, C4<0>;
L_01165A30 .functor AND 1, L_01161DA8, L_01161FB8, C4<1>, C4<1>;
L_01164E38 .functor OR 1, L_01165368, L_01165A30, C4<0>, C4<0>;
v0115A578_0 .net *"_s0", 0 0, L_01165758; 1 drivers
v0115A680_0 .net *"_s10", 0 0, L_01165A30; 1 drivers
v0115A0A8_0 .net *"_s4", 0 0, L_01165950; 1 drivers
v0115A158_0 .net *"_s6", 0 0, L_011659C0; 1 drivers
v0115A5D0_0 .net *"_s8", 0 0, L_01165368; 1 drivers
v0115A7E0_0 .net "a", 0 0, L_01161DA8; 1 drivers
v01159D38_0 .net "b", 0 0, L_01161F60; 1 drivers
v0115A6D8_0 .net "cin", 0 0, L_01161FB8; 1 drivers
v0115A1B0_0 .net "cout", 0 0, L_01164E38; 1 drivers
v0115A890_0 .net "sum", 0 0, L_01165790; 1 drivers
S_0111E088 .scope generate, "rca[13]" "rca[13]" 3 15, 3 15, S_0111E660;
 .timescale 0 0;
P_01122DD4 .param/l "i" 3 15, +C4<01101>;
L_01166480 .functor NOT 1, L_01161A90, C4<0>, C4<0>, C4<0>;
v01159FA0_0 .net *"_s1", 0 0, L_01161A90; 1 drivers
v0115A050_0 .net *"_s2", 0 0, L_01166480; 1 drivers
v0115A520_0 .net *"_s4", 0 0, C4<1>; 1 drivers
L_011621C8 .arith/sum 1, L_01166480, C4<1>;
S_0111DF78 .scope module, "fa" "full_adder" 3 16, 3 31, S_0111E088;
 .timescale 0 0;
L_011663D8 .functor XOR 1, L_01161B98, L_011621C8, C4<0>, C4<0>;
L_01166560 .functor XOR 1, L_011663D8, L_011623D8, C4<0>, C4<0>;
L_01166250 .functor AND 1, L_01161B98, L_011621C8, C4<1>, C4<1>;
L_01166448 .functor AND 1, L_011621C8, L_011623D8, C4<1>, C4<1>;
L_01165FB0 .functor OR 1, L_01166250, L_01166448, C4<0>, C4<0>;
L_01166528 .functor AND 1, L_01161B98, L_011623D8, C4<1>, C4<1>;
L_01166090 .functor OR 1, L_01165FB0, L_01166528, C4<0>, C4<0>;
v01159EF0_0 .net *"_s0", 0 0, L_011663D8; 1 drivers
v01159F48_0 .net *"_s10", 0 0, L_01166528; 1 drivers
v0115A100_0 .net *"_s4", 0 0, L_01166250; 1 drivers
v01159E40_0 .net *"_s6", 0 0, L_01166448; 1 drivers
v01159FF8_0 .net *"_s8", 0 0, L_01165FB0; 1 drivers
v01159D90_0 .net "a", 0 0, L_01161B98; 1 drivers
v0115A3C0_0 .net "b", 0 0, L_011621C8; 1 drivers
v0115A418_0 .net "cin", 0 0, L_011623D8; 1 drivers
v0115A628_0 .net "cout", 0 0, L_01166090; 1 drivers
v0115A4C8_0 .net "sum", 0 0, L_01166560; 1 drivers
S_0111E908 .scope generate, "rca[14]" "rca[14]" 3 15, 3 15, S_0111E660;
 .timescale 0 0;
P_01122F54 .param/l "i" 3 15, +C4<01110>;
L_01166E10 .functor NOT 1, L_01161CF8, C4<0>, C4<0>, C4<0>;
v0115A368_0 .net *"_s1", 0 0, L_01161CF8; 1 drivers
v0115A260_0 .net *"_s2", 0 0, L_01166E10; 1 drivers
v0115A310_0 .net *"_s4", 0 0, C4<1>; 1 drivers
L_01162F30 .arith/sum 1, L_01166E10, C4<1>;
S_0111DEF0 .scope module, "fa" "full_adder" 3 16, 3 31, S_0111E908;
 .timescale 0 0;
L_01166218 .functor XOR 1, L_01161CA0, L_01162F30, C4<0>, C4<0>;
L_01166598 .functor XOR 1, L_01166218, L_01162E80, C4<0>, C4<0>;
L_011660C8 .functor AND 1, L_01161CA0, L_01162F30, C4<1>, C4<1>;
L_01165F40 .functor AND 1, L_01162F30, L_01162E80, C4<1>, C4<1>;
L_01166368 .functor OR 1, L_011660C8, L_01165F40, C4<0>, C4<0>;
L_01165800 .functor AND 1, L_01161CA0, L_01162E80, C4<1>, C4<1>;
L_01165988 .functor OR 1, L_01166368, L_01165800, C4<0>, C4<0>;
v011211D8_0 .net *"_s0", 0 0, L_01166218; 1 drivers
v01121288_0 .net *"_s10", 0 0, L_01165800; 1 drivers
v01121230_0 .net *"_s4", 0 0, L_011660C8; 1 drivers
v0115A470_0 .net *"_s6", 0 0, L_01165F40; 1 drivers
v01159DE8_0 .net *"_s8", 0 0, L_01166368; 1 drivers
v0115A208_0 .net "a", 0 0, L_01161CA0; 1 drivers
v0115A730_0 .net "b", 0 0, L_01162F30; 1 drivers
v01159E98_0 .net "cin", 0 0, L_01162E80; 1 drivers
v0115A788_0 .net "cout", 0 0, L_01165988; 1 drivers
v0115A2B8_0 .net "sum", 0 0, L_01166598; 1 drivers
S_0111E6E8 .scope generate, "rca[15]" "rca[15]" 3 15, 3 15, S_0111E660;
 .timescale 0 0;
P_01122CD4 .param/l "i" 3 15, +C4<01111>;
L_01166B70 .functor NOT 1, L_011624E0, C4<0>, C4<0>, C4<0>;
v01120F70_0 .net *"_s1", 0 0, L_011624E0; 1 drivers
v01121180_0 .net *"_s2", 0 0, L_01166B70; 1 drivers
v01120FC8_0 .net *"_s4", 0 0, C4<1>; 1 drivers
L_01162488 .arith/sum 1, L_01166B70, C4<1>;
S_0111E770 .scope module, "fa" "full_adder" 3 16, 3 31, S_0111E6E8;
 .timescale 0 0;
L_01166D30 .functor XOR 1, L_01162ED8, L_01162488, C4<0>, C4<0>;
L_01166860 .functor XOR 1, L_01166D30, L_01162538, C4<0>, C4<0>;
L_01166CF8 .functor AND 1, L_01162ED8, L_01162488, C4<1>, C4<1>;
L_01166BA8 .functor AND 1, L_01162488, L_01162538, C4<1>, C4<1>;
L_011668D0 .functor OR 1, L_01166CF8, L_01166BA8, C4<0>, C4<0>;
L_01166828 .functor AND 1, L_01162ED8, L_01162538, C4<1>, C4<1>;
L_011667B8 .functor OR 1, L_011668D0, L_01166828, C4<0>, C4<0>;
v01120520_0 .net *"_s0", 0 0, L_01166D30; 1 drivers
v01120EC0_0 .net *"_s10", 0 0, L_01166828; 1 drivers
v01121390_0 .net *"_s4", 0 0, L_01166CF8; 1 drivers
v011210D0_0 .net *"_s6", 0 0, L_01166BA8; 1 drivers
v011213E8_0 .net *"_s8", 0 0, L_011668D0; 1 drivers
v011212E0_0 .net "a", 0 0, L_01162ED8; 1 drivers
v01121020_0 .net "b", 0 0, L_01162488; 1 drivers
v01121078_0 .net "cin", 0 0, L_01162538; 1 drivers
v01121128_0 .net "cout", 0 0, L_011667B8; 1 drivers
v01121338_0 .net "sum", 0 0, L_01166860; 1 drivers
    .scope S_0111E5D8;
T_0 ;
    %vpi_call 2 13 "$dumpfile", "rpa_16.vcd";
    %vpi_call 2 14 "$dumpvars", 1'sb0, S_0111E5D8;
    %vpi_call 2 16 "$monitor", "Time=%0t A=%h B=%h Cin=%b | Sum=%h Carry=%b", $time, v0115EFB0_0, v0115E560_0, v0115EC98_0, v0115E668_0, v0115E5B8_0;
    %set/v v0115EC98_0, 0, 1;
    %movi 8, 102, 16;
    %set/v v0115EFB0_0, 8, 16;
    %movi 8, 204, 16;
    %set/v v0115E560_0, 8, 16;
    %delay 10, 0;
    %movi 8, 238, 16;
    %set/v v0115EFB0_0, 8, 16;
    %movi 8, 136, 16;
    %set/v v0115E560_0, 8, 16;
    %delay 10, 0;
    %set/v v0115EC98_0, 1, 1;
    %movi 8, 119, 16;
    %set/v v0115EFB0_0, 8, 16;
    %movi 8, 51, 16;
    %set/v v0115E560_0, 8, 16;
    %delay 10, 0;
    %movi 8, 34, 16;
    %set/v v0115EFB0_0, 8, 16;
    %movi 8, 17, 16;
    %set/v v0115E560_0, 8, 16;
    %delay 10, 0;
    %vpi_call 2 39 "$finish";
    %end;
    .thread T_0;
# The file index is used to find the file name in the following table.
:file_names 4;
    "N/A";
    "<interactive>";
    "rpa_16_tb.v";
    "rpa_16.v";
